// Jest Snapshot v1, https://goo.gl/fbAQLP

exports[`Posts component should render Post component 1`] = `
<div
  className="wrapper"
>
  <Title
    title="News"
  />
  <Input
    handleChange={[Function]}
    options={
      Array [
        Object {
          "label": 10,
          "value": 10,
        },
        Object {
          "label": 20,
          "value": 20,
        },
        Object {
          "label": 40,
          "value": 40,
        },
        Object {
          "label": 50,
          "value": 50,
        },
      ]
    }
    value={20}
  />
  <Input
    onChange={[Function]}
    onKeyPress={[Function]}
    value=""
  />
  <ul
    className="newsList"
  >
    <Post
      author="Roman"
      created_at="2021-12-01T20:12:22.811Z"
      key="1"
      num_comments={10}
      points={100}
      title="Jest & Enzyme"
      url="//some-test.url"
    />
    <Post
      author="Natasha"
      created_at="2022-01-01T20:54:12.116Z"
      key="2"
      num_comments={8}
      points={10}
      title="TypeScript"
      url="//test-ts.url"
    />
  </ul>
</div>
`;
