// Jest Snapshot v1, https://goo.gl/fbAQLP

exports[`Posts component should render Post component 1`] = `
<ul
  class="newsList"
>
  <li
    class="post"
  >
    <div
      class="description"
    >
      <a
        class="title"
        href="//some-test.url"
      >
        Jest & Enzyme
      </a>
      <span
        class="text"
      >
        100 points
      </span>
      <span
        class="comments"
      >
        10 comments
      </span>
      <span
        class="date"
      >
        12/1/2021
      </span>
      <span
        class="author"
      >
        Roman
      </span>
    </div>
  </li>
  <li
    class="post"
  >
    <div
      class="description"
    >
      <a
        class="title"
        href="//test-ts.url"
      >
        TypeScript
      </a>
      <span
        class="text"
      >
        10 points
      </span>
      <span
        class="comments"
      >
        8 comments
      </span>
      <span
        class="date"
      >
        1/1/2022
      </span>
      <span
        class="author"
      >
        Natasha
      </span>
    </div>
  </li>
</ul>
`;
